interactions:
- request:
    body: ''
    headers:
      accept:
      - '*/*'
      accept-encoding:
      - gzip, deflate
      connection:
      - keep-alive
      host:
      - localhost:3000
      user-agent:
      - python-httpx/0.28.1
      x-fern-language:
      - Python
    method: GET
    uri: http://example.com/functions/hash/b8be4f8989ddbe687f19b8b96f29094884a1e903728de2cea7b17a37c22c285e
  response:
    body:
      string: '{"message":"Function with hash b8be4f8989ddbe687f19b8b96f29094884a1e903728de2cea7b17a37c22c285e
        not found","resource":"function","tag":"NotFoundError"}'
    headers:
      Connection:
      - keep-alive
      Date:
      - Wed, 24 Dec 2025 12:21:36 GMT
      Keep-Alive:
      - timeout=5
      Vary:
      - Origin
      content-length:
      - '151'
      content-type:
      - application/json
    status:
      code: 404
      message: Not Found
- request:
    body: '{"code":"def compute_existing(x: int) -> int:\n    return x * 3\n","hash":"b8be4f8989ddbe687f19b8b96f29094884a1e903728de2cea7b17a37c22c285e","signature":"def
      compute_existing(x: int) -> int: ...","signatureHash":"10c4ac91cbe5db326143343357a94d550db16f3242b05d6533ca504ed9e8dd43","name":"test_existing_fn","description":null,"tags":null,"metadata":null,"dependencies":null}'
    headers:
      accept:
      - '*/*'
      accept-encoding:
      - gzip, deflate
      connection:
      - keep-alive
      content-length:
      - '372'
      content-type:
      - application/json
      host:
      - localhost:3000
      user-agent:
      - python-httpx/0.28.1
      x-fern-language:
      - Python
    method: POST
    uri: http://example.com/functions
  response:
    body:
      string: '{"id":"94b35c14-88fd-4930-9884-7c8b8a269135","hash":"b8be4f8989ddbe687f19b8b96f29094884a1e903728de2cea7b17a37c22c285e","signatureHash":"10c4ac91cbe5db326143343357a94d550db16f3242b05d6533ca504ed9e8dd43","name":"test_existing_fn","description":null,"version":"1.0","tags":null,"metadata":null,"code":"def
        compute_existing(x: int) -> int:\n    return x * 3\n","signature":"def compute_existing(x:
        int) -> int: ...","dependencies":null,"environmentId":"5e8c6ab2-3b1a-4ec0-a1f1-e4d01c5e1f18","projectId":"100bf0f4-7503-4524-bd4b-ddec75d8a346","organizationId":"ad201cf0-4185-4952-9608-95ad50080360","createdAt":"2025-12-24T03:21:36.038Z","updatedAt":"2025-12-24T03:21:36.038Z","isNew":true}'
    headers:
      Connection:
      - keep-alive
      Date:
      - Wed, 24 Dec 2025 12:21:36 GMT
      Keep-Alive:
      - timeout=5
      Vary:
      - Origin
      content-length:
      - '685'
      content-type:
      - application/json
    status:
      code: 200
      message: OK
- request:
    body: ''
    headers:
      accept:
      - '*/*'
      accept-encoding:
      - gzip, deflate
      connection:
      - keep-alive
      host:
      - localhost:3000
      user-agent:
      - python-httpx/0.28.1
      x-fern-language:
      - Python
    method: GET
    uri: http://example.com/functions/hash/b8be4f8989ddbe687f19b8b96f29094884a1e903728de2cea7b17a37c22c285e
  response:
    body:
      string: '{"id":"94b35c14-88fd-4930-9884-7c8b8a269135","hash":"b8be4f8989ddbe687f19b8b96f29094884a1e903728de2cea7b17a37c22c285e","signatureHash":"10c4ac91cbe5db326143343357a94d550db16f3242b05d6533ca504ed9e8dd43","name":"test_existing_fn","description":null,"version":"1.0","tags":null,"metadata":null,"code":"def
        compute_existing(x: int) -> int:\n    return x * 3\n","signature":"def compute_existing(x:
        int) -> int: ...","dependencies":null,"environmentId":"5e8c6ab2-3b1a-4ec0-a1f1-e4d01c5e1f18","projectId":"100bf0f4-7503-4524-bd4b-ddec75d8a346","organizationId":"ad201cf0-4185-4952-9608-95ad50080360","createdAt":"2025-12-24T03:21:36.038Z","updatedAt":"2025-12-24T03:21:36.038Z"}'
    headers:
      Connection:
      - keep-alive
      Date:
      - Wed, 24 Dec 2025 12:25:27 GMT
      Keep-Alive:
      - timeout=5
      Vary:
      - Origin
      content-length:
      - '672'
      content-type:
      - application/json
    status:
      code: 200
      message: OK
- request:
    body: ''
    headers:
      accept:
      - '*/*'
      accept-encoding:
      - gzip, deflate
      connection:
      - keep-alive
      host:
      - localhost:3000
      user-agent:
      - python-httpx/0.28.1
      x-fern-language:
      - Python
    method: GET
    uri: http://example.com/functions/hash/b8be4f8989ddbe687f19b8b96f29094884a1e903728de2cea7b17a37c22c285e
  response:
    body:
      string: '{"id":"94b35c14-88fd-4930-9884-7c8b8a269135","hash":"b8be4f8989ddbe687f19b8b96f29094884a1e903728de2cea7b17a37c22c285e","signatureHash":"10c4ac91cbe5db326143343357a94d550db16f3242b05d6533ca504ed9e8dd43","name":"test_existing_fn","description":null,"version":"1.0","tags":null,"metadata":null,"code":"def
        compute_existing(x: int) -> int:\n    return x * 3\n","signature":"def compute_existing(x:
        int) -> int: ...","dependencies":null,"environmentId":"5e8c6ab2-3b1a-4ec0-a1f1-e4d01c5e1f18","projectId":"100bf0f4-7503-4524-bd4b-ddec75d8a346","organizationId":"ad201cf0-4185-4952-9608-95ad50080360","createdAt":"2025-12-24T03:21:36.038Z","updatedAt":"2025-12-24T03:21:36.038Z"}'
    headers:
      Connection:
      - keep-alive
      Date:
      - Wed, 24 Dec 2025 12:34:36 GMT
      Keep-Alive:
      - timeout=5
      Vary:
      - Origin
      content-length:
      - '672'
      content-type:
      - application/json
    status:
      code: 200
      message: OK
version: 1
